c:\users\conso\onedrive\documentos\github\system-watcher-plugin\files\built\debug\cellprx_system_watcher_plugin_stub.a
c:\programdata\windhawk\engine\modswritable\mod-status\5968_134024433482204563_31112_modernize-folder-picker-dialog
c:\programdata\windhawk\engine\modswritable\mod-status\5968_134024433482204563_31112_slick-window-arrangement
c:\programdata\windhawk\engine\modswritable\mod-task\5968_134024433482204563_31112_slick-window-arrangement
c:\programdata\windhawk\engine\modswritable\mod-task\5968_134024433482204563_31112_modernize-folder-picker-dialog
c:\users\conso\onedrive\documentos\github\system-watcher-plugin\files\built\debug\system_watcher_plugin.sprx
c:\programdata\windhawk\engine\modswritable\mod-status\5968_134024433482204563_47504_modernize-folder-picker-dialog
c:\programdata\windhawk\engine\modswritable\mod-status\5968_134024433482204563_47504_slick-window-arrangement
c:\programdata\windhawk\engine\modswritable\mod-task\5968_134024433482204563_47504_slick-window-arrangement
c:\programdata\windhawk\engine\modswritable\mod-task\5968_134024433482204563_47504_modernize-folder-picker-dialog
c:\users\conso\appdata\local\temp\ps3ppuld422642\lib.ent.o
c:\programdata\windhawk\engine\modswritable\mod-status\5968_134024433482204563_19960_modernize-folder-picker-dialog
c:\programdata\windhawk\engine\modswritable\mod-status\5968_134024433482204563_19960_slick-window-arrangement
c:\programdata\windhawk\engine\modswritable\mod-task\5968_134024433482204563_19960_slick-window-arrangement
c:\programdata\windhawk\engine\modswritable\mod-task\5968_134024433482204563_19960_modernize-folder-picker-dialog
c:\users\conso\appdata\local\temp\ps3ppuld422642\system_watcher_plugin
c:\programdata\windhawk\engine\modswritable\mod-status\5968_134024433482204563_21212_modernize-folder-picker-dialog
c:\programdata\windhawk\engine\modswritable\mod-status\5968_134024433482204563_21212_slick-window-arrangement
c:\programdata\windhawk\engine\modswritable\mod-task\5968_134024433482204563_21212_slick-window-arrangement
c:\programdata\windhawk\engine\modswritable\mod-task\5968_134024433482204563_21212_modernize-folder-picker-dialog
c:\users\conso\appdata\local\temp\ps3ppuld422642\lib.ent.s
c:\users\conso\onedrive\documentos\github\system-watcher-plugin\files\built\debug\bin-int\system_watcher_plugin.o
c:\users\conso\onedrive\documentos\github\system-watcher-plugin\files\built\debug\bin-int\prxmain.o
c:\users\conso\onedrive\documentos\github\system-watcher-plugin\files\built\debug\bin-int\detours.o
c:\users\conso\onedrive\documentos\github\system-watcher-plugin\files\built\debug\bin-int\common.o
c:\users\conso\onedrive\documentos\github\system-watcher-plugin\files\built\debug\bin-int\syscalls.o
c:\users\conso\onedrive\documentos\github\system-watcher-plugin\files\built\debug\bin-int\timer.o
c:\users\conso\onedrive\documentos\github\system-watcher-plugin\files\built\debug\bin-int\system_watcher_plugin.write.1.tlog
c:\users\conso\onedrive\documentos\github\system-watcher-plugin\files\built\debug\bin-int\system_w.45c725dd.tlog\ps3ppuld64-make_fself.read.1.tlog
c:\users\conso\onedrive\documentos\github\system-watcher-plugin\files\built\debug\bin-int\system_w.45c725dd.tlog\ps3ppuld64-make_fself.write.1.tlog
c:\users\conso\onedrive\documentos\github\system-watcher-plugin\files\built\debug\bin-int\system_w.45c725dd.tlog\ps3ppuld64-ppu-lv2-as.read.1.tlog
c:\users\conso\onedrive\documentos\github\system-watcher-plugin\files\built\debug\bin-int\system_w.45c725dd.tlog\ps3ppuld64-ppu-lv2-as.write.1.tlog
c:\users\conso\onedrive\documentos\github\system-watcher-plugin\files\built\debug\bin-int\system_w.45c725dd.tlog\ps3ppuld64-ppu-lv2-prx-fixup.read.1.tlog
c:\users\conso\onedrive\documentos\github\system-watcher-plugin\files\built\debug\bin-int\system_w.45c725dd.tlog\ps3ppuld64-ppu-lv2-prx-fixup.write.1.tlog
c:\users\conso\onedrive\documentos\github\system-watcher-plugin\files\built\debug\bin-int\system_w.45c725dd.tlog\ps3ppuld64-ppu-lv2-prx-libgen.read.1.tlog
c:\users\conso\onedrive\documentos\github\system-watcher-plugin\files\built\debug\bin-int\system_w.45c725dd.tlog\ps3ppuld64-ppu-lv2-prx-libgen.write.1.tlog
c:\users\conso\onedrive\documentos\github\system-watcher-plugin\files\built\debug\bin-int\system_w.45c725dd.tlog\ps3ppuld64.command.1.tlog
c:\users\conso\onedrive\documentos\github\system-watcher-plugin\files\built\debug\bin-int\system_w.45c725dd.tlog\ps3ppuld64.read.1.tlog
c:\users\conso\onedrive\documentos\github\system-watcher-plugin\files\built\debug\bin-int\system_w.45c725dd.tlog\ps3ppuld64.write.1.tlog
c:\users\conso\onedrive\documentos\github\system-watcher-plugin\files\built\debug\bin-int\system_w.45c725dd.tlog\ps3ppusnc.command.1.tlog
c:\users\conso\onedrive\documentos\github\system-watcher-plugin\files\built\debug\bin-int\system_w.45c725dd.tlog\ps3ppusnc.read.1.tlog
c:\users\conso\onedrive\documentos\github\system-watcher-plugin\files\built\debug\bin-int\system_w.45c725dd.tlog\ps3ppusnc.write.1.tlog
